// Jest Snapshot v1, https://goo.gl/fbAQLP

exports[`App component it renders 1`] = `<FullScreenDialog />`;
